// Jest Snapshot v1, https://goo.gl/fbAQLP

exports[`<Header /> should render correcly 1`] = `
<View
  style={
    Array [
      Object {
        "backgroundColor": "#403f3f",
        "borderBottomLeftRadius": 30,
        "borderBottomRightRadius": 30,
        "height": 150,
        "justifyContent": "center",
        "paddingBottom": 20,
        "paddingLeft": 20,
        "paddingRight": 20,
        "paddingTop": 20,
        "width": "100%",
      },
    ]
  }
>
  <Image
    source={
      Object {
        "testUri": "../../../src/assets/pokeball.png",
      }
    }
    style={
      Array [
        Object {
          "alignSelf": "flex-end",
          "height": 120,
          "position": "absolute",
          "width": 120,
        },
      ]
    }
  />
  <View
    style={
      Array [
        Object {
          "flexDirection": "row",
          "justifyContent": "space-between",
        },
      ]
    }
  >
    <View
      style={
        Array [
          Object {
            "marginTop": 20,
          },
        ]
      }
    >
      <Text
        style={
          Array [
            Object {
              "color": "white",
              "fontSize": 18,
              "fontWeight": "600",
            },
          ]
        }
      >
        OlÃ¡, 
        <Text
          style={
            Array [
              Object {
                "color": "white",
                "fontSize": 18,
                "fontWeight": "bold",
              },
            ]
          }
        >
          Ash Ketchum
        </Text>
      </Text>
      <Text
        style={
          Array [
            Object {
              "color": "white",
              "fontSize": 16,
              "fontWeight": "500",
            },
          ]
        }
      >
        Bem vindo! ðŸ˜„
      </Text>
    </View>
    <Image
      source={
        Object {
          "testUri": "../../../src/assets/ash.png",
        }
      }
      style={
        Array [
          Object {
            "backgroundColor": "white",
            "borderRadius": 10,
            "height": 60,
            "marginRight": 8,
            "marginTop": 6,
            "width": 60,
          },
        ]
      }
    />
  </View>
</View>
`;
